src/features/product/components/ProductHeader.tsx(2,32): error TS2307: Cannot find module '@/components/ui/GradientButton' or its corresponding type declarations.
src/features/product/pages/Product.tsx(22,38): error TS2307: Cannot find module '@/components/common/ImportExportCard' or its corresponding type declarations.
src/features/product/pages/Product.tsx(23,30): error TS2307: Cannot find module '@/components/ui/SearchActionCard' or its corresponding type declarations.
src/features/product/pages/Product.tsx(24,20): error TS2307: Cannot find module '@/components/common/Loader' or its corresponding type declarations.
src/features/product/pages/Product.tsx(25,24): error TS2307: Cannot find module '@/context/ApiContext' or its corresponding type declarations.
src/features/product/pages/Product.tsx(26,36): error TS2307: Cannot find module '@/services/endpoints' or its corresponding type declarations.
src/features/product/pages/Product.tsx(27,36): error TS2307: Cannot find module '@/types/api' or its corresponding type declarations.
